D2a.2 v1 ÔÇö Workflow executor tests

  Ô£ô function node ├║nico completa y escribe output al state
  Ô£ô workflow lineal de 4 function nodes: state se actualiza en cadena
  Ô£ô function node que tira error ÔåÆ task status=failed, NodeResult.error persistido
  Ô£ô error action='continue': skip y sigue al siguiente nodo
  Ô£ô error action={ goto: 'X' }: salta a X despu├®s del fallo
  Ô£ô router node: rutea al nodeId correcto seg├║n decision value
  Ô£ô router sin match y sin default ÔåÆ fail con ROUTER_NO_MATCH
  Ô£ô router con default: usa default cuando no hay match
  Ô£ô LLM node: invoker es llamado, output escrito al state, confidence calculado
  Ô£ô LLM con confidence LOW + onLow='ask_user': etiqueta LOW, completa (acci├│n ask_user no implementada a├║n)
  Ô£ô LLM confidence LOW + onLow='fail': task FAILED con INVALID_OUTPUT (v1.5)
  Ô£ô LLM confidence MEDIUM: se etiqueta MEDIUM y completa (onMedium='search_more' no implementado en v1)
  Ô£ô error action='continue': NodeResult tiene status='skipped' SIN campo error
  Ô£ô startTask con workflow estructuralmente inv├ílido (sin entryNode): throws
  Ô£ô startTask con workflow cross-inv├ílido (entryNode='ghost' no existe): throws ExecutorError con detalles
  Ô£ô startTask con workflow estructuralmente v├ílido (pasa validateWorkflow): no tira
  Ô£ô cleanup(taskId): getTask retorna undefined despu├®s de cleanup
  Ô£ô cleanup(taskId) en task inexistente: no-op silencioso
  Ô£ô AbortSignal: LLMInvoker recibe un AbortSignal en cada invoke
  Ô£ô HITL response que NO cumple outputSchema: task failed con INVALID_OUTPUT
  Ô£ô HITL response que S├ì cumple outputSchema: output escrito al state normalmente
  Ô£ô listActiveTasks: excluye completed, failed y cancelled; solo lista running/pending

D2a.2.2 ÔÇö Timeout

  Ô£ô timeout: function que tarda m├ís que el timeoutMs ÔåÆ task FAILED con TIMEOUT
  Ô£ô timeout: function que termina antes del timeoutMs ÔåÆ completa normalmente
  Ô£ô timeout: workflow.config.defaultTimeoutMs aplica al nodo que no tiene override

D2a.2.2 ÔÇö Retry

  Ô£ù retry: function que falla 2 veces y luego succeeds ÔåÆ completa al tercer intento
    Expected values to be strictly equal:
+ actual - expected

+ 'failed'
- 'completed'

  Ô£ù retry: function que falla m├ís que max ÔåÆ task FAILED con error original
    esperaba 3 calls (1 initial + 2 retries), got 1

1 !== 3

  Ô£ô retry: filter 'on' restringe los c├│digos que disparan retry
  Ô£ù retry: sin idempotencyKey ni retriable ÔåÆ NON_IDEMPOTENT_RETRY_DISALLOWED
    Expected values to be strictly equal:
+ actual - expected

+ 'INTERNAL_ERROR'
- 'NON_IDEMPOTENT_RETRY_DISALLOWED'

  Ô£ù retry: con retriable=true (sin idempotencyKey) re-ejecuta sin cache
    Expected values to be strictly equal:
+ actual - expected

+ 'failed'
- 'completed'


D2a.2.2 ÔÇö Idempotency

  Ô£ù idempotency: con idempotencyKey, retry devuelve cached output
    Expected values to be strictly equal:
+ actual - expected

+ 'failed'
- 'completed'

  Ô£ù idempotency: el cache sobrevive retries DENTRO de la misma task
    Expected values to be strictly equal:

0 !== 3

  Ô£ô idempotency: cache se limpia con cleanup()

D2a.2.2 ÔÇö Combined (timeout + retry + idempotency)

  Ô£ô combo: timeout dispara retry; tras 2 timeouts, completa al 3er intento (├®xito r├ípido)
  Ô£ô combo: timeout + idempotency ÔåÆ reintento con cache hit
  Ô£ô HITL con respuesta approved: output escrito al state
  Ô£ô HITL con respuesta declined: task failed con HITL_DECLINED
  Ô£ô state interpolation: {{state.X}} se reemplaza con el valor del state (no crashea con paths inexistentes)
  Ô£ô state interpolation: usa valores que YA est├ín en state (entre nodos)
  Ô£ô edge con condition=true: se toma el edge
  Ô£ô edge con condition=false: NO se toma, sigue al siguiente edge
  Ô£ô nodo terminal (sin edges salientes) ÔåÆ task completed
  Ô£ô task cancelada antes de run: status=cancelled al ejecutar
  Ô£ô output sin path: escribe el output completo bajo state[node.id]
  Ô£ô multi-task en paralelo: state aislado entre tasks
  Ô£ô getTask: devuelve snapshot del state, no la referencia mutable
  Ô£ô workflow realista: LLM classify ÔåÆ router ÔåÆ function espec├¡fico
  Ô£ô router con matchMode='case-insensitive': matchea sin importar capitalizaci├│n
  Ô£ô taskIdGenerator custom: las tasks usan el generador provisto
  Ô£ô run() en task ya completada: throw ExecutorError

Ô£ù 44 tests pasaron, 6 fallaron

